5 3 2 4 2 4 3 1 3 1
2 4 3 1 3 5 6 5 2 4
7 5 1 7 1 2 3 1 3 2
6 4 2 6 4 1 2 4 1 3
2 1 3 4 3 2 1 2 4 1
5 6 2 5 6 1 2 1 2 4
4 1 3 4 1 3 5 4 1 3
6 7 2 3 2 1 4 3 2 1
4 2 3 5 4 7 3 2 1 3
3 1 5 2 1 6 2 1 2 1