3 1 2 5 3 1 4 5
1 2 3 1 2 4 2 3
3 1 2 3 1 2 6 1
1 2 3 4 2 1 2 3
4 7 5 6 1 5 6 2
7 2 1 3 2 1 4 1
6 5 2 5 1 4 3 7
3 4 1 3 2 1 2 1