4 3 6 2 4 6 3 2 5 3
3 1 5 4 3 5 2 1 4 1
2 5 4 3 5 2 1 7 1 2
1 6 5 2 1 5 2 6 4 1
7 1 4 7 4 3 1 5 3 6
6 2 3 1 3 5 7 3 1 4
5 4 1 3 4 2 4 6 7 2
4 3 2 1 2 1 3 5 3 1
3 2 1 3 1 6 2 4 2 7
2 1 3 1 2 4 1 5 1 6