6 1 4 1 2 3 2 1 3 1 2 4
5 2 3 2 1 2 3 2 1 3 1 3
4 3 1 6 7 1 4 7 5 2 3 6
3 2 6 5 4 2 3 6 4 1 2 5
1 7 5 4 1 7 1 5 3 7 6 4
3 1 2 1 4 6 5 6 2 4 5 1
4 2 3 2 1 5 4 3 1 3 4 3
3 1 2 7 6 3 2 1 2 1 2 1
2 7 1 2 5 1 3 2 6 7 3 6
1 6 3 5 4 3 5 1 3 5 1 4
2 5 4 3 2 1 4 2 1 2 3 2
1 4 2 1 4 6 5 1 3 1 2 3