4 2 7 5 4 6 3 1 2 3
3 1 2 1 2 4 1 2 1 2
2 3 1 4 5 3 7 5 3 4
1 6 2 3 2 6 1 4 1 3
5 3 5 2 1 3 6 1 2 1
4 1 4 3 6 4 2 4 3 2
2 5 1 2 5 7 6 3 1 7
5 3 2 5 6 2 5 1 6 3
3 1 4 1 4 3 4 2 5 2
1 2 6 4 3 1 2 1 4 1