5 1 2 3 1 2 1 3 2 1
3 2 1 2 7 4 3 2 1 4
1 4 6 1 6 1 2 1 2 3
7 2 1 2 5 2 4 6 1 2
4 6 2 5 2 1 3 5 3 1
3 7 1 4 1 7 6 4 5 3
1 6 3 2 6 4 1 5 2 1
5 2 7 1 5 1 4 3 6 7
4 1 2 3 1 4 3 2 4 5
3 5 1 4 2 3 2 1 3 2