6 4 3 1 2 7 6 7 2 4
1 3 2 4 5 6 5 4 1 3
6 2 5 1 4 5 3 1 5 2
5 4 2 6 3 4 1 2 3 6
3 1 4 1 2 1 2 1 5 2
1 4 3 5 6 2 4 7 4 1
2 3 2 3 5 1 2 3 1 3
1 2 4 1 6 4 1 4 2 4
2 1 3 5 3 2 6 3 1 3
1 4 2 1 2 1 5 1 3 2