1 7 2 6 1 6 5 3
7 3 1 5 4 2 6 1
6 1 5 4 1 4 5 3
5 3 4 6 2 1 2 1
4 2 1 3 1 3 1 5
3 1 5 1 2 7 3 4
2 6 4 5 1 6 2 3
1 2 3 1 7 4 1 2