5 6 1 7 3 2 4 5 6 3
4 3 5 6 7 3 1 4 1 5
2 1 4 2 6 2 5 2 3 4
1 2 1 4 5 1 4 3 4 3
2 6 7 2 3 5 2 1 2 1
1 4 5 1 2 1 6 5 6 7
2 3 2 4 1 2 4 1 4 5
1 5 1 3 7 1 3 4 2 3
6 4 2 4 6 2 1 2 7 5
2 3 1 3 5 1 2 1 6 3