1 2 1 2 1 5 3 7
4 3 2 1 2 6 4 6
1 2 1 3 1 5 3 4
2 1 4 2 7 2 1 5
1 5 3 1 2 1 3 4
3 4 1 5 1 4 2 3
2 3 6 2 7 2 7 2
1 2 4 1 3 1 6 1