2 1 2 1 3 1 2 7
1 2 1 3 2 3 1 6
2 5 4 2 6 2 5 3
1 3 2 5 3 5 4 1
2 1 3 4 2 4 1 2
1 2 1 3 1 3 2 1
2 4 2 1 3 5 1 4
1 2 1 3 1 3 6 2