5 1 4 5 1 4 1 4 7 2
4 3 2 3 2 3 7 3 6 1
2 6 5 2 1 4 6 1 5 3
1 3 4 1 3 2 5 3 2 1
4 6 7 5 2 1 2 7 6 7
3 7 1 6 7 4 1 6 4 5
2 6 2 5 6 2 3 5 1 4
1 5 1 3 5 1 2 1 5 3
2 4 7 1 3 2 1 2 4 2
1 3 4 3 2 1 7 1 3 6