2 3 4 1 2 1 7 2 6 1
1 2 1 3 4 3 6 1 5 3
4 1 6 2 1 2 5 7 4 1
3 4 5 7 6 7 2 4 1 3
1 2 1 2 3 5 1 2 7 4
2 1 6 1 6 4 6 5 4 3
6 5 4 5 2 1 3 1 3 2
5 3 2 4 1 7 2 3 2 1
4 2 1 3 4 5 6 2 7 3
3 1 3 2 1 4 1 4 1 2