3 1 2 1 4 3 5 1 5 3 4 6
2 4 1 3 2 1 4 5 4 2 1 2
3 2 6 1 3 5 1 3 2 1 2 3
2 1 5 2 1 7 5 2 1 3 4 1
1 2 4 7 5 6 2 5 3 7 3 2
2 5 1 6 3 4 1 4 2 6 5 1
1 4 5 4 1 3 4 6 1 2 4 3
6 3 4 2 4 5 1 5 3 1 2 1
5 2 3 4 5 2 3 6 1 2 3 4
4 1 2 1 3 1 6 7 3 6 2 1
3 7 1 6 2 4 5 1 2 5 7 4
2 1 2 1 3 1 3 2 1 3 1 2