3 1 4 2 5 2 3 1 3 6
2 4 3 4 3 1 6 2 1 5
1 3 1 2 1 2 5 1 7 4
2 1 7 1 2 1 4 3 1 2
4 6 5 2 1 2 3 2 5 6
3 2 3 6 4 3 7 1 4 5
1 6 1 5 2 4 2 3 7 4
4 5 3 1 5 2 1 2 3 1
3 1 2 6 3 1 2 4 5 6
2 4 1 5 1 7 1 2 1 3