2 6 3 2 1 7 2 5 6 3
1 5 1 4 5 6 1 4 1 2
2 4 5 3 4 2 3 2 4 1
1 3 2 1 3 1 5 4 6 5
6 5 1 6 4 2 3 1 3 2
5 3 2 4 3 7 1 5 2 1
3 7 4 1 2 5 2 4 1 4
2 1 2 3 1 2 1 3 2 1
1 6 3 4 2 1 3 1 5 3
2 1 2 1 5 4 1 2 4 2