5 7 2 6 5 2 1 6 1 6 7 4
4 6 1 4 3 1 2 5 3 4 5 1
1 3 5 2 1 2 1 3 4 2 3 5
2 1 3 4 2 1 7 2 5 1 2 3
1 4 2 1 3 4 6 1 3 4 6 2
2 3 1 3 2 3 2 4 2 5 3 1
1 2 5 2 5 1 6 5 1 4 2 7
2 4 3 1 2 4 2 4 6 2 1 6
1 2 1 3 1 2 1 3 5 1 5 4
5 4 5 7 6 1 5 1 3 4 3 2
4 2 3 2 7 4 2 3 1 2 1 3
3 1 6 1 6 3 4 2 5 1 2 1