5 4 5 3 7 4 2 4 1 6 3 4
3 1 3 1 6 5 6 2 7 5 1 2
2 4 2 4 1 3 1 6 4 3 4 1
1 2 1 3 6 1 5 3 1 2 3 2
2 3 5 7 4 5 2 5 4 1 2 1
6 7 1 2 1 2 4 3 1 6 3 4
5 1 3 4 2 1 3 2 5 2 1 2
4 3 1 2 1 3 5 3 6 1 7 1
2 1 4 1 4 2 3 4 5 4 2 5
3 2 3 7 3 1 2 3 4 3 1 6
2 4 2 5 4 3 5 1 2 5 4 2
1 6 1 3 1 2 1 2 4 1 3 1