2 6 7 2 3 1 2 3
1 5 3 5 1 2 1 2
2 4 2 4 7 6 5 1
1 3 1 2 1 4 1 3
2 4 2 6 4 3 5 2
1 3 1 4 2 1 2 4
3 1 3 2 6 5 4 3
1 4 2 1 2 1 3 1