2 5 2 1 2 1 2 1
1 2 6 3 1 3 1 6
3 1 4 1 3 1 4 5
2 4 3 2 1 4 2 4
3 1 2 1 6 3 1 2
1 2 1 4 1 2 7 5
2 1 4 5 2 1 2 1
1 3 2 3 5 4 1 3