4 2 3 4 5 2 1 2 7 1
3 1 2 3 4 1 6 1 6 4
1 6 7 1 5 3 5 3 5 3
2 4 3 4 6 7 6 2 4 5
1 2 1 2 5 2 4 5 1 4
2 1 3 7 4 1 3 6 2 3
7 2 4 6 3 2 1 5 6 2
2 1 3 5 2 1 3 4 5 1
6 5 1 7 1 2 1 2 3 4
1 2 4 3 5 6 3 1 2 1