3 7 5 3 6 2 1 2
1 2 4 1 2 1 2 1
3 1 3 2 1 4 3 2
2 5 7 1 3 1 2 1
4 1 6 4 2 4 1 3
3 2 3 2 3 1 5 1
2 1 2 1 2 3 1 2
1 5 1 2 1 2 4 1