1 2 3 4 1 2 3 5
2 3 1 2 6 1 2 4
4 1 5 6 5 2 1 3
3 2 4 1 4 6 5 2
2 1 3 2 3 4 3 1
1 6 5 1 4 7 2 3
7 2 1 5 3 6 1 2
3 1 4 1 2 1 2 1