7 3 2 4 6 1 2 5 4 2
5 1 6 1 5 3 4 1 3 1
4 3 1 2 3 2 1 5 2 3
2 4 7 4 6 1 4 1 3 4
3 1 2 3 1 5 1 4 2 3
2 3 1 2 3 4 2 6 1 2
3 6 5 3 1 2 1 4 5 7
2 4 6 2 4 3 4 6 3 5
1 3 5 1 3 2 1 5 4 2
2 1 4 5 2 1 7 1 3 1