7 1 6 2 1 3 2 5 6 4
6 3 5 1 4 1 3 4 5 2
4 5 4 2 7 4 2 1 3 1
3 2 6 1 5 1 5 3 6 3
2 1 5 2 3 4 2 4 5 4
4 2 4 3 1 7 5 1 2 3
3 1 3 1 2 1 4 3 1 2
6 4 1 2 5 6 2 1 2 1
5 3 6 1 3 4 1 4 1 2
2 1 7 2 1 2 3 1 2 1