1 2 3 1 2 5 1 2 3 6 4 5
7 3 2 3 1 2 6 1 2 3 1 2
6 5 1 2 4 1 5 6 4 2 4 7
5 4 3 1 3 6 4 5 1 3 2 5
4 1 2 3 2 3 2 4 3 4 1 4
2 3 4 1 4 6 1 2 1 3 2 3
1 6 1 7 3 2 5 3 4 2 1 2
3 1 2 5 2 1 3 1 2 1 6 1
5 2 1 4 7 5 2 4 6 3 1 2
1 4 2 3 5 7 1 3 1 2 6 7
6 2 3 1 3 4 6 1 3 1 2 5
4 5 7 2 1 3 2 4 2 3 1 4