7 1 3 2 1 5 3 5
6 2 1 4 6 4 2 3
5 4 6 3 5 7 1 2
3 1 4 2 1 5 4 1
2 7 1 3 2 4 3 6
1 2 6 2 1 3 2 5
5 1 3 1 2 4 1 4
4 2 1 3 5 2 6 1