4 2 4 5 2 4 3 6 5 4
3 1 3 2 4 1 4 2 1 3
2 4 5 1 3 2 3 1 3 4
1 2 3 4 5 7 1 2 1 2
6 5 1 3 1 3 4 1 2 1
2 3 4 2 6 2 3 4 6 7
1 4 2 1 2 1 2 1 5 6
7 3 1 7 5 4 1 4 7 5
6 2 4 6 3 2 3 2 1 2
5 1 2 3 6 1 5 1 2 1