2 1 2 1 2 1 6 2
5 3 5 2 5 4 3 1
4 1 4 1 2 6 5 4
3 2 1 6 1 3 2 1
2 3 7 4 6 5 4 6
1 2 5 1 3 4 1 5
2 1 2 3 2 3 7 3
1 3 1 2 1 2 1 2