1 6 2 4 1 3 1 2
4 3 1 3 7 2 6 3
2 1 5 1 2 1 5 2
1 2 4 3 1 2 4 1
6 1 3 1 2 5 3 5
4 2 1 2 4 3 1 4
3 1 2 1 2 1 6 2
2 5 4 3 1 2 5 1