1 2 5 2 6 4 1 6
2 1 4 5 4 1 2 5
1 6 3 1 3 2 3 2
6 2 1 2 1 3 5 4
5 1 2 1 2 1 2 1
3 4 1 2 1 2 5 4
2 1 3 1 6 1 2 3
1 4 1 2 5 3 4 7